[    1759ms] [ERROR] Refused to execute script from 'https://v3.takearoundabout.com/_vercel/insights/script.js' because its MIME type ('text/html') is not executable, and strict MIME type checking is enabled. @ https://v3.takearoundabout.com/?view=wiki:0
[    1760ms] [LOG] [Vercel Web Analytics] Failed to load script from /_vercel/insights/script.js. Be sure to enable Web Analytics for your project and deploy again. See https://vercel.com/docs/analytics/quickstart for more information. @ https://v3.takearoundabout.com/assets/index-BfXsoRh-.js:928
[  142574ms] [WARNING] [generatePrompts] batch failed for skills 17,18,19 Could not parse JSON for prompts-batch @ https://v3.takearoundabout.com/assets/index-BfXsoRh-.js:377
[  732051ms] [WARNING] [GPT] PubAdsService.getTargeting is deprecated, use googletag.getConfig('targeting') instead.
https://goo.gle/gpt-message#200 @ https://securepubads.g.doubleclick.net/pagead/managed/js/gpt/m202606150101/pubads_impl.js?cb=31099272:18
[  732059ms] [WARNING] [GPT] Slot.setTargeting is deprecated, use Slot.setConfig({targeting: ...}) instead.
https://goo.gle/gpt-message#171 @ https://securepubads.g.doubleclick.net/pagead/managed/js/gpt/m202606150101/pubads_impl.js?cb=31099272:18
[  733790ms] [ERROR] Attestation check for Shared Storage on https://www.googleadservices.com failed. @ https://www.googleadservices.com/pagead/managed/js/activeview/current/reach_worklet.html:0
[  733790ms] [ERROR] Attestation check for Shared Storage on https://www.googleadservices.com failed. @ https://www.googleadservices.com/pagead/managed/js/activeview/current/reach_worklet.html:0
[  733790ms] [ERROR] Attestation check for Shared Storage on https://www.googleadservices.com failed. @ https://www.googleadservices.com/pagead/managed/js/activeview/current/reach_worklet.html:0
[  733974ms] [ERROR] Attestation check for Shared Storage on https://www.googleadservices.com failed. @ https://www.googleadservices.com/pagead/managed/js/activeview/current/reach_worklet.html:0
[  733991ms] [ERROR] Attestation check for Shared Storage on https://www.googleadservices.com failed. @ https://www.googleadservices.com/pagead/managed/js/activeview/current/reach_worklet.html:0
[  735829ms] [ERROR] Failed to load resource: net::ERR_NAME_NOT_RESOLVED @ https://xn--sync-k6d.copper6.com/image?pbjs=1&coppa=0:0
[  740104ms] [ERROR] Failed to load resource: net::ERR_TOO_MANY_REDIRECTS @ https://id5-sync.com/c/1854/112/1/9.gif?puid=5B2EB6234CAB626F&gdpr=0&gdpr_consent=:0
[  741433ms] [WARNING] The resource https://geo.dailymotion.com/static/latest/cdn/dmp.photon_player.74bdd5efe29dd3c9a113.js was preloaded using link preload but not used within a few seconds from the window's load event. Please make sure it has an appropriate `as` value and it is preloaded intentionally. @ https://geo.dailymotion.com/player/x8lhq.html?playlist=x7knmt&customConfig%5Bdynamiciu%5D=22929369600%252fa1%252fpreroll%252fhomepage&customConfig%5Bplcmt%5D=1&actionInfo=false&mute=true&dmPubtool=new-cdn-ce-v2:0
[  744891ms] [WARNING] The resource https://geo.dailymotion.com/static/latest/cdn/dmp.infopack.e02348156d8d0e768d10.js was preloaded using link preload but not used within a few seconds from the window's load event. Please make sure it has an appropriate `as` value and it is preloaded intentionally. @ https://www.asiaone.com/:0
[  744891ms] [WARNING] The resource https://geo.dailymotion.com/static/latest/cdn/dmp.photon_vendor.fc9b8968a99697c51db2.js was preloaded using link preload but not used within a few seconds from the window's load event. Please make sure it has an appropriate `as` value and it is preloaded intentionally. @ https://www.asiaone.com/:0
[  744891ms] [WARNING] The resource https://geo.dailymotion.com/static/latest/cdn/dmp.photon_boot.ab93d18721b221f1837b.js was preloaded using link preload but not used within a few seconds from the window's load event. Please make sure it has an appropriate `as` value and it is preloaded intentionally. @ https://www.asiaone.com/:0
[  744891ms] [WARNING] The resource https://geo.dailymotion.com/static/latest/cdn/dmp.photon_app.87026b59ee79a42e86fa.js was preloaded using link preload but not used within a few seconds from the window's load event. Please make sure it has an appropriate `as` value and it is preloaded intentionally. @ https://www.asiaone.com/:0
[  744891ms] [WARNING] The resource https://geo.dailymotion.com/static/latest/cdn/dmp.photon_player.74bdd5efe29dd3c9a113.js was preloaded using link preload but not used within a few seconds from the window's load event. Please make sure it has an appropriate `as` value and it is preloaded intentionally. @ https://www.asiaone.com/:0
[  748452ms] [WARNING] [GPT] PubAdsService.getTargeting is deprecated, use googletag.getConfig('targeting') instead.
https://goo.gle/gpt-message#200 @ https://securepubads.g.doubleclick.net/pagead/managed/js/gpt/m202606150101/pubads_impl.js?cb=31099272:18
[  748456ms] [WARNING] [GPT] Slot.setTargeting is deprecated, use Slot.setConfig({targeting: ...}) instead.
https://goo.gle/gpt-message#171 @ https://securepubads.g.doubleclick.net/pagead/managed/js/gpt/m202606150101/pubads_impl.js?cb=31099272:18
[  749036ms] [ERROR] Failed to load resource: the server responded with a status of 404 (Not Found) @ https://tcheck.outbrainimg.com/tcheck/check/d3d3LmFzaWFvbmUuY29t:0
[  749339ms] [ERROR] Attestation check for Shared Storage on https://www.googleadservices.com failed. @ https://www.googleadservices.com/pagead/managed/js/activeview/current/reach_worklet.html:0
[  749715ms] [ERROR] Failed to load resource: net::ERR_NAME_NOT_RESOLVED @ https://id.geistm.com/m/OB/SYvrqMw-zK96Y2NSJV5ysrx7G-fUYJybuYugBqZoMrykihO5KKpNT8bdItVf9j9m:0
[  750744ms] [ERROR] Access to fetch at 'https://ittr-asia.eskimi.com/prebidjs' from origin 'https://www.asiaone.com' has been blocked by CORS policy: No 'Access-Control-Allow-Origin' header is present on the requested resource. @ https://www.asiaone.com/singapore/sfa-3-second-rule-diner-eats-food-hawker-centre-table?utm_source=a1home&utm_medium=referral&utm_campaign=a1trendingc&utm_content=x4:0
[  750745ms] [ERROR] Failed to load resource: net::ERR_FAILED @ https://ittr-asia.eskimi.com/prebidjs:0
[  749339ms] [ERROR] Attestation check for Shared Storage on https://www.googleadservices.com failed. @ https://www.googleadservices.com/pagead/managed/js/activeview/current/reach_worklet.html:0
[  751540ms] [ERROR] Attestation check for Shared Storage on https://www.googleadservices.com failed. @ https://www.googleadservices.com/pagead/managed/js/activeview/current/reach_worklet.html:0
[  749339ms] [ERROR] Attestation check for Shared Storage on https://www.googleadservices.com failed. @ https://www.googleadservices.com/pagead/managed/js/activeview/current/reach_worklet.html:0
[  751540ms] [ERROR] Attestation check for Shared Storage on https://www.googleadservices.com failed. @ https://www.googleadservices.com/pagead/managed/js/activeview/current/reach_worklet.html:0
[  752718ms] [ERROR] Failed to load resource: the server responded with a status of 500 () @ https://usersync.gumgum.com/usersync?b=sus&i=%%esc%%%%uid%%%%escend%%ajk7HMCo8JwAAOppJhMAAAAA:0
[  752885ms] [ERROR] Failed to load resource: the server responded with a status of 404 (Not Found) @ https://b1sync.zemanta.com/usersync/ogury/?gdpr=0&gdpr_consent=&cb=https%3A%2F%2Fms-cookie-sync.presage.io%2Fuser-sync%3Foutbrain_id%3D__ZUID__:0
[  752890ms] [ERROR] Failed to load resource: the server responded with a status of 404 () @ https://cs.admanmedia.com/sync/outbrain?puid=SYvrqMw-zK96Y2NSJV5ysrx7G-fUYJybuYugBqZoMrykihO5KKpNT8bdItVf9j9m&gdpr=0&gdpr_consent=&ccpa=1---&redir=https%3A%2F%2Fsync.outbrain.com%2Fcookie-sync%3Fp%3Dadmanmedia%26uid%3D%5BUID%5D%26obUid%3DSYvrqMw-zK96Y2NSJV5ysrx7G-fUYJybuYugBqZoMrykihO5KKpNT8bdItVf9j9m%26gdpr%3D0%26gdpr_consent%3D%26us_privacy%3D1---%26initiator%3Dob:0
[  752911ms] [ERROR] Failed to load resource: net::ERR_NAME_NOT_RESOLVED @ https://xn--sync-k6d.copper6.com/image?pbjs=1&coppa=0:0
[  749339ms] [ERROR] Attestation check for Shared Storage on https://www.googleadservices.com failed. @ https://www.googleadservices.com/pagead/managed/js/activeview/current/reach_worklet.html:0
[  751540ms] [ERROR] Attestation check for Shared Storage on https://www.googleadservices.com failed. @ https://www.googleadservices.com/pagead/managed/js/activeview/current/reach_worklet.html:0
[  753227ms] [ERROR] Attestation check for Shared Storage on https://www.googleadservices.com failed. @ https://www.googleadservices.com/pagead/managed/js/activeview/current/reach_worklet.html:0
[  753585ms] [ERROR] Attestation check for Shared Storage on https://www.googleadservices.com failed. @ https://www.googleadservices.com/pagead/managed/js/activeview/current/reach_worklet.html:0
[  749339ms] [ERROR] Attestation check for Shared Storage on https://www.googleadservices.com failed. @ https://www.googleadservices.com/pagead/managed/js/activeview/current/reach_worklet.html:0
[  751540ms] [ERROR] Attestation check for Shared Storage on https://www.googleadservices.com failed. @ https://www.googleadservices.com/pagead/managed/js/activeview/current/reach_worklet.html:0
[  753227ms] [ERROR] Attestation check for Shared Storage on https://www.googleadservices.com failed. @ https://www.googleadservices.com/pagead/managed/js/activeview/current/reach_worklet.html:0
[  753585ms] [ERROR] Attestation check for Shared Storage on https://www.googleadservices.com failed. @ https://www.googleadservices.com/pagead/managed/js/activeview/current/reach_worklet.html:0
[  753842ms] [ERROR] Attestation check for Shared Storage on https://www.googleadservices.com failed. @ https://www.googleadservices.com/pagead/managed/js/activeview/current/reach_worklet.html:0
[  749339ms] [ERROR] Attestation check for Shared Storage on https://www.googleadservices.com failed. @ https://www.googleadservices.com/pagead/managed/js/activeview/current/reach_worklet.html:0
[  751540ms] [ERROR] Attestation check for Shared Storage on https://www.googleadservices.com failed. @ https://www.googleadservices.com/pagead/managed/js/activeview/current/reach_worklet.html:0
[  753227ms] [ERROR] Attestation check for Shared Storage on https://www.googleadservices.com failed. @ https://www.googleadservices.com/pagead/managed/js/activeview/current/reach_worklet.html:0
[  753585ms] [ERROR] Attestation check for Shared Storage on https://www.googleadservices.com failed. @ https://www.googleadservices.com/pagead/managed/js/activeview/current/reach_worklet.html:0
[  753842ms] [ERROR] Attestation check for Shared Storage on https://www.googleadservices.com failed. @ https://www.googleadservices.com/pagead/managed/js/activeview/current/reach_worklet.html:0
[  754697ms] [ERROR] Attestation check for Shared Storage on https://www.googleadservices.com failed. @ https://www.googleadservices.com/pagead/managed/js/activeview/current/reach_worklet.html:0
[  752718ms] [ERROR] Failed to load resource: the server responded with a status of 500 () @ https://usersync.gumgum.com/usersync?b=sus&i=%%esc%%%%uid%%%%escend%%ajk7HMCo8JwAAOppJhMAAAAA:0
[  752885ms] [ERROR] Failed to load resource: the server responded with a status of 404 (Not Found) @ https://b1sync.zemanta.com/usersync/ogury/?gdpr=0&gdpr_consent=&cb=https%3A%2F%2Fms-cookie-sync.presage.io%2Fuser-sync%3Foutbrain_id%3D__ZUID__:0
[  752885ms] [ERROR] Failed to load resource: the server responded with a status of 404 (Not Found) @ https://b1sync.zemanta.com/usersync/ogury/?gdpr=0&gdpr_consent=&cb=https%3A%2F%2Fms-cookie-sync.presage.io%2Fuser-sync%3Foutbrain_id%3D__ZUID__:0
[  762875ms] [WARNING] [GPT] PubAdsService.getTargeting is deprecated, use googletag.getConfig('targeting') instead.
https://goo.gle/gpt-message#200 @ https://securepubads.g.doubleclick.net/pagead/managed/js/gpt/m202606150101/pubads_impl.js?cb=31099272:18
[  762878ms] [WARNING] [GPT] Slot.setTargeting is deprecated, use Slot.setConfig({targeting: ...}) instead.
https://goo.gle/gpt-message#171 @ https://securepubads.g.doubleclick.net/pagead/managed/js/gpt/m202606150101/pubads_impl.js?cb=31099272:18
[  764040ms] [ERROR] Attestation check for Shared Storage on https://www.googleadservices.com failed. @ https://www.googleadservices.com/pagead/managed/js/activeview/current/reach_worklet.html:0
[  764064ms] [ERROR] Attestation check for Shared Storage on https://www.googleadservices.com failed. @ https://www.googleadservices.com/pagead/managed/js/activeview/current/reach_worklet.html:0
[  764498ms] [ERROR] Failed to load resource: the server responded with a status of 400 () @ https://ssum-sec.casalemedia.com/usermatch?s=194558&cb=https%3A%2F%2Fu.4dex.io%2Fsetuid%3Fbidder%3Dindexexchange%26it%3Dadg-pb-clt%26uid%3D:0
[  764498ms] [ERROR] Failed to load resource: the server responded with a status of 400 () @ https://ssum-sec.casalemedia.com/usermatch?s=194558&cb=https%3A%2F%2Fu.4dex.io%2Fsetuid%3Fbidder%3Dindexexchange%26it%3Dadg-pb-clt%26uid%3D:0
[  765341ms] [ERROR] Failed to load resource: the server responded with a status of 400 () @ https://ssum-sec.casalemedia.com/usermatch?s=194558&cb=https%3A%2F%2Fu.4dex.io%2Fsetuid%3Fbidder%3Dindexexchange%26it%3Dadg-pb-clt%26uid%3D:0
[  766150ms] [ERROR] Failed to load resource: net::ERR_NAME_NOT_RESOLVED @ https://xn--sync-k6d.copper6.com/image?pbjs=1&coppa=0:0
[  766881ms] [ERROR] Failed to load resource: net::ERR_CONNECTION_RESET @ https://sync.thecas.xyz/sync?rds=https%3A%2F%2Fittpx.eskimi.com%2Fsync%3Fdp_id%3D279%26user_id%3D%5BPARTNERID%5D&nid=ZXNraW1pX2R2X2Jhbm5lcl93ZWJfc3luY19VU19FQVNU&gdpr=0&gdpr_consent=1&us_privacy=&gpp=&gpp_sid=:0
[  768933ms] [WARNING] The resource https://geo.dailymotion.com/static/latest/cdn/dmp.infopack.e02348156d8d0e768d10.js was preloaded using link preload but not used within a few seconds from the window's load event. Please make sure it has an appropriate `as` value and it is preloaded intentionally. @ https://www.asiaone.com/:0
[  768933ms] [WARNING] The resource https://geo.dailymotion.com/static/latest/cdn/dmp.photon_vendor.fc9b8968a99697c51db2.js was preloaded using link preload but not used within a few seconds from the window's load event. Please make sure it has an appropriate `as` value and it is preloaded intentionally. @ https://www.asiaone.com/:0
[  768933ms] [WARNING] The resource https://geo.dailymotion.com/static/latest/cdn/dmp.photon_boot.ab93d18721b221f1837b.js was preloaded using link preload but not used within a few seconds from the window's load event. Please make sure it has an appropriate `as` value and it is preloaded intentionally. @ https://www.asiaone.com/:0
[  768933ms] [WARNING] The resource https://geo.dailymotion.com/static/latest/cdn/dmp.photon_app.87026b59ee79a42e86fa.js was preloaded using link preload but not used within a few seconds from the window's load event. Please make sure it has an appropriate `as` value and it is preloaded intentionally. @ https://www.asiaone.com/:0
[  768933ms] [WARNING] The resource https://geo.dailymotion.com/static/latest/cdn/dmp.photon_player.74bdd5efe29dd3c9a113.js was preloaded using link preload but not used within a few seconds from the window's load event. Please make sure it has an appropriate `as` value and it is preloaded intentionally. @ https://www.asiaone.com/:0
[  770418ms] [WARNING] [GPT] PubAdsService.getTargeting is deprecated, use googletag.getConfig('targeting') instead.
https://goo.gle/gpt-message#200 @ https://securepubads.g.doubleclick.net/pagead/managed/js/gpt/m202606150101/pubads_impl.js?cb=31099272:18
[  770421ms] [WARNING] [GPT] Slot.setTargeting is deprecated, use Slot.setConfig({targeting: ...}) instead.
https://goo.gle/gpt-message#171 @ https://securepubads.g.doubleclick.net/pagead/managed/js/gpt/m202606150101/pubads_impl.js?cb=31099272:18
[  770832ms] [ERROR] Failed to load resource: the server responded with a status of 404 (Not Found) @ https://tcheck.outbrainimg.com/tcheck/check/d3d3LmFzaWFvbmUuY29t:0
[  771432ms] [ERROR] Attestation check for Shared Storage on https://www.googleadservices.com failed. @ https://www.googleadservices.com/pagead/managed/js/activeview/current/reach_worklet.html:0
[  771432ms] [ERROR] Attestation check for Shared Storage on https://www.googleadservices.com failed. @ https://www.googleadservices.com/pagead/managed/js/activeview/current/reach_worklet.html:0
[  771631ms] [WARNING] [GPT] Slot dfp-ads-midarticle1 rendered inside of the viewport.
https://goo.gle/gpt-message#169 @ https://securepubads.g.doubleclick.net/pagead/managed/js/gpt/m202606150101/pubads_impl.js?cb=31099272:18
[  771651ms] [ERROR] Attestation check for Shared Storage on https://www.googleadservices.com failed. @ https://www.googleadservices.com/pagead/managed/js/activeview/current/reach_worklet.html:0
[  771432ms] [ERROR] Attestation check for Shared Storage on https://www.googleadservices.com failed. @ https://www.googleadservices.com/pagead/managed/js/activeview/current/reach_worklet.html:0
[  771651ms] [ERROR] Attestation check for Shared Storage on https://www.googleadservices.com failed. @ https://www.googleadservices.com/pagead/managed/js/activeview/current/reach_worklet.html:0
[  772019ms] [ERROR] Attestation check for Shared Storage on https://www.googleadservices.com failed. @ https://www.googleadservices.com/pagead/managed/js/activeview/current/reach_worklet.html:0
[  772200ms] [ERROR] Failed to load resource: net::ERR_CONNECTION_REFUSED @ https://cs.nex8.net/cs/openx:0
[  772265ms] [ERROR] Failed to load resource: net::ERR_NAME_NOT_RESOLVED @ https://dps.jp.cinarra.com/pxd?PLATFORM_ID=1&USER_ID=33711a11-47e8-8a73-f0e4-7f7008b51765:0
[  771432ms] [ERROR] Attestation check for Shared Storage on https://www.googleadservices.com failed. @ https://www.googleadservices.com/pagead/managed/js/activeview/current/reach_worklet.html:0
[  771651ms] [ERROR] Attestation check for Shared Storage on https://www.googleadservices.com failed. @ https://www.googleadservices.com/pagead/managed/js/activeview/current/reach_worklet.html:0
[  772019ms] [ERROR] Attestation check for Shared Storage on https://www.googleadservices.com failed. @ https://www.googleadservices.com/pagead/managed/js/activeview/current/reach_worklet.html:0
[  772532ms] [ERROR] Attestation check for Shared Storage on https://www.googleadservices.com failed. @ https://www.googleadservices.com/pagead/managed/js/activeview/current/reach_worklet.html:0
[  771432ms] [ERROR] Attestation check for Shared Storage on https://www.googleadservices.com failed. @ https://www.googleadservices.com/pagead/managed/js/activeview/current/reach_worklet.html:0
[  771651ms] [ERROR] Attestation check for Shared Storage on https://www.googleadservices.com failed. @ https://www.googleadservices.com/pagead/managed/js/activeview/current/reach_worklet.html:0
[  772019ms] [ERROR] Attestation check for Shared Storage on https://www.googleadservices.com failed. @ https://www.googleadservices.com/pagead/managed/js/activeview/current/reach_worklet.html:0
[  772532ms] [ERROR] Attestation check for Shared Storage on https://www.googleadservices.com failed. @ https://www.googleadservices.com/pagead/managed/js/activeview/current/reach_worklet.html:0
[  772664ms] [ERROR] Attestation check for Shared Storage on https://www.googleadservices.com failed. @ https://www.googleadservices.com/pagead/managed/js/activeview/current/reach_worklet.html:0
[  772200ms] [ERROR] Failed to load resource: net::ERR_CONNECTION_REFUSED @ https://cs.nex8.net/cs/openx:0
[  772265ms] [ERROR] Failed to load resource: net::ERR_NAME_NOT_RESOLVED @ https://dps.jp.cinarra.com/pxd?PLATFORM_ID=1&USER_ID=33711a11-47e8-8a73-f0e4-7f7008b51765:0
[  773878ms] [ERROR] Failed to load resource: net::ERR_NAME_NOT_RESOLVED @ https://xn--sync-k6d.copper6.com/image?pbjs=1&coppa=0:0
[  772200ms] [ERROR] Failed to load resource: net::ERR_CONNECTION_REFUSED @ https://cs.nex8.net/cs/openx:0
[  772265ms] [ERROR] Failed to load resource: net::ERR_NAME_NOT_RESOLVED @ https://dps.jp.cinarra.com/pxd?PLATFORM_ID=1&USER_ID=33711a11-47e8-8a73-f0e4-7f7008b51765:0
[  774235ms] [ERROR] Failed to load resource: net::ERR_NAME_NOT_RESOLVED @ https://match.rundsp.com/redirect?ex=openx:0
[  774465ms] [ERROR] Failed to load resource: net::ERR_NAME_NOT_RESOLVED @ https://j.mrpdata.net/c.html?ex=OpenX:0
[  772200ms] [ERROR] Failed to load resource: net::ERR_CONNECTION_REFUSED @ https://cs.nex8.net/cs/openx:0
[  772265ms] [ERROR] Failed to load resource: net::ERR_NAME_NOT_RESOLVED @ https://dps.jp.cinarra.com/pxd?PLATFORM_ID=1&USER_ID=33711a11-47e8-8a73-f0e4-7f7008b51765:0
[  774235ms] [ERROR] Failed to load resource: net::ERR_NAME_NOT_RESOLVED @ https://match.rundsp.com/redirect?ex=openx:0
[  774465ms] [ERROR] Failed to load resource: net::ERR_NAME_NOT_RESOLVED @ https://j.mrpdata.net/c.html?ex=OpenX:0
[  772200ms] [ERROR] Failed to load resource: net::ERR_CONNECTION_REFUSED @ https://cs.nex8.net/cs/openx:0
[  772265ms] [ERROR] Failed to load resource: net::ERR_NAME_NOT_RESOLVED @ https://dps.jp.cinarra.com/pxd?PLATFORM_ID=1&USER_ID=33711a11-47e8-8a73-f0e4-7f7008b51765:0
[  774235ms] [ERROR] Failed to load resource: net::ERR_NAME_NOT_RESOLVED @ https://match.rundsp.com/redirect?ex=openx:0
[  774465ms] [ERROR] Failed to load resource: net::ERR_NAME_NOT_RESOLVED @ https://j.mrpdata.net/c.html?ex=OpenX:0
[  772200ms] [ERROR] Failed to load resource: net::ERR_CONNECTION_REFUSED @ https://cs.nex8.net/cs/openx:0
[  772265ms] [ERROR] Failed to load resource: net::ERR_NAME_NOT_RESOLVED @ https://dps.jp.cinarra.com/pxd?PLATFORM_ID=1&USER_ID=33711a11-47e8-8a73-f0e4-7f7008b51765:0
[  774235ms] [ERROR] Failed to load resource: net::ERR_NAME_NOT_RESOLVED @ https://match.rundsp.com/redirect?ex=openx:0
[  774465ms] [ERROR] Failed to load resource: net::ERR_NAME_NOT_RESOLVED @ https://j.mrpdata.net/c.html?ex=OpenX:0
[  775086ms] [ERROR] Failed to load resource: the server responded with a status of 400 (Bad Request) @ https://sync.adkernel.com/user-sync?zone=252325&gdpr=0&gdpr_consent=1&us_privacy=&t=image&r=https%3A%2F%2Fittpx.eskimi.com%2Fsync%3Fdp_id%3D52%26gdpr%3D0%26gdpr_consent%3D1%26us_privacy%3D%26user_id%3D%7BUID%7D:0
[  775415ms] [ERROR] Failed to load resource: the server responded with a status of 400 (Bad Request) @ https://ps.eyeota.net/match?bid=2ri0rg0&uid={23805f65-ebc5-8913-452383b1}:0
[  771432ms] [ERROR] Attestation check for Shared Storage on https://www.googleadservices.com failed. @ https://www.googleadservices.com/pagead/managed/js/activeview/current/reach_worklet.html:0
[  771651ms] [ERROR] Attestation check for Shared Storage on https://www.googleadservices.com failed. @ https://www.googleadservices.com/pagead/managed/js/activeview/current/reach_worklet.html:0
[  772019ms] [ERROR] Attestation check for Shared Storage on https://www.googleadservices.com failed. @ https://www.googleadservices.com/pagead/managed/js/activeview/current/reach_worklet.html:0
[  772532ms] [ERROR] Attestation check for Shared Storage on https://www.googleadservices.com failed. @ https://www.googleadservices.com/pagead/managed/js/activeview/current/reach_worklet.html:0
[  772664ms] [ERROR] Attestation check for Shared Storage on https://www.googleadservices.com failed. @ https://www.googleadservices.com/pagead/managed/js/activeview/current/reach_worklet.html:0
[  780672ms] [ERROR] Attestation check for Shared Storage on https://www.googleadservices.com failed. @ https://www.googleadservices.com/pagead/managed/js/activeview/current/reach_worklet.html:0
[  789320ms] [INFO] Powered by AMP ⚡ HTML – Version 2605071401000 https://www.asiaone.com/singapore/unpaid-salary-kpa-engineering-workers-mom-services-centre?utm_source=a1home&utm_medium=referral&utm_campaign=a1trendingc&utm_content=x2 @ https://cdn.ampproject.org/rtv/012605071401000/amp4ads-v0.mjs:1
[  790453ms] [ERROR] Access to XMLHttpRequest at 'https://widgetmonitor.outbrain.com/WidgetErrorMonitor/api/report?name=obm-ContainerNotFound&version=97a7fa0b6e2_2026-06-17&message=Container%20not%20found%20for%20widget%20idx%202&env=1&url=https%3A%2F%2Fwww.asiaone.com%2Fsingapore%2Funpaid-salary-kpa-engineering-workers-mom-services-centre%3Futm_source%3Da1home%26utm_medium%3Dreferral%26utm_campaign%3Da1trendingc%26utm_content%3Dx2&referrer=&agent=mozilla%2F5.0%20(macintosh%3B%20intel%20mac%20os%20x%2010_15_7)%20applewebkit%2F537.36%20(khtml%2C%20like%20gecko)%20chrome%2F149.0.0.0%20safari%2F537.36&stack=undefined&errorEleUrl=&pId=5034&sId=13337072&dId=6243239179&ren=1' from origin 'https://widgets.outbrain.com' has been blocked by CORS policy: No 'Access-Control-Allow-Origin' header is present on the requested resource. @ https://widgets.outbrain.com/widgetMonitor/monitor.html?name=obm-ContainerNotFound&env=1&message=Container%20not%20found%20for%20widget%20idx%202&stack=undefined&ver=97a7fa0b6e2_2026-06-17&ren=1&sId=13337072&dId=6243239179&pId=5034:0
[  790453ms] [ERROR] Failed to load resource: net::ERR_FAILED @ https://widgetmonitor.outbrain.com/WidgetErrorMonitor/api/report?name=obm-ContainerNotFound&version=97a7fa0b6e2_2026-06-17&message=Container%20not%20found%20for%20widget%20idx%202&env=1&url=https%3A%2F%2Fwww.asiaone.com%2Fsingapore%2Funpaid-salary-kpa-engineering-workers-mom-services-centre%3Futm_source%3Da1home%26utm_medium%3Dreferral%26utm_campaign%3Da1trendingc%26utm_content%3Dx2&referrer=&agent=mozilla%2F5.0%20(macintosh%3B%20intel%20mac%20os%20x%2010_15_7)%20applewebkit%2F537.36%20(khtml%2C%20like%20gecko)%20chrome%2F149.0.0.0%20safari%2F537.36&stack=undefined&errorEleUrl=&pId=5034&sId=13337072&dId=6243239179&ren=1:0
[  793025ms] [ERROR] Failed to load resource: net::ERR_NAME_NOT_RESOLVED @ https://rt.marphezis.com/sync/pub?pubid=21070&gdpr=0&gdpr_consent=&us_privacy=&gpp=&gpp_sid=&rurl=https%3A%2F%2Fpublic-prod-dspcookiematching.dmxleo.com%2Fdspreply%3FdspId%3D4440%26dspUserId%3D%24USERID:0
[  797133ms] [WARNING] The resource https://geo.dailymotion.com/static/latest/cdn/dmp.infopack.e02348156d8d0e768d10.js was preloaded using link preload but not used within a few seconds from the window's load event. Please make sure it has an appropriate `as` value and it is preloaded intentionally. @ https://www.asiaone.com/singapore/unpaid-salary-kpa-engineering-workers-mom-services-centre?utm_source=a1home&utm_medium=referral&utm_campaign=a1trendingc&utm_content=x2:0
[  797133ms] [WARNING] The resource https://geo.dailymotion.com/static/latest/cdn/dmp.photon_vendor.fc9b8968a99697c51db2.js was preloaded using link preload but not used within a few seconds from the window's load event. Please make sure it has an appropriate `as` value and it is preloaded intentionally. @ https://www.asiaone.com/singapore/unpaid-salary-kpa-engineering-workers-mom-services-centre?utm_source=a1home&utm_medium=referral&utm_campaign=a1trendingc&utm_content=x2:0
[  797133ms] [WARNING] The resource https://geo.dailymotion.com/static/latest/cdn/dmp.photon_player.74bdd5efe29dd3c9a113.js was preloaded using link preload but not used within a few seconds from the window's load event. Please make sure it has an appropriate `as` value and it is preloaded intentionally. @ https://geo.dailymotion.com/player/xc97y.html?playlist=x7knmt&customConfig%5Bdynamiciu%5D=22929369600%252fa1%252fpreroll%252fsingapore&customConfig%5Bplcmt%5D=1&actionInfo=false&mute=true&dmPubtool=new-cdn-ce-v2:0
[  797133ms] [WARNING] The resource https://geo.dailymotion.com/static/latest/cdn/dmp.photon_boot.ab93d18721b221f1837b.js was preloaded using link preload but not used within a few seconds from the window's load event. Please make sure it has an appropriate `as` value and it is preloaded intentionally. @ https://www.asiaone.com/singapore/unpaid-salary-kpa-engineering-workers-mom-services-centre?utm_source=a1home&utm_medium=referral&utm_campaign=a1trendingc&utm_content=x2:0
[  797133ms] [WARNING] The resource https://geo.dailymotion.com/static/latest/cdn/dmp.photon_app.87026b59ee79a42e86fa.js was preloaded using link preload but not used within a few seconds from the window's load event. Please make sure it has an appropriate `as` value and it is preloaded intentionally. @ https://www.asiaone.com/singapore/unpaid-salary-kpa-engineering-workers-mom-services-centre?utm_source=a1home&utm_medium=referral&utm_campaign=a1trendingc&utm_content=x2:0
[  797133ms] [WARNING] The resource https://geo.dailymotion.com/static/latest/cdn/dmp.photon_player.74bdd5efe29dd3c9a113.js was preloaded using link preload but not used within a few seconds from the window's load event. Please make sure it has an appropriate `as` value and it is preloaded intentionally. @ https://www.asiaone.com/singapore/unpaid-salary-kpa-engineering-workers-mom-services-centre?utm_source=a1home&utm_medium=referral&utm_campaign=a1trendingc&utm_content=x2:0
[  856891ms] [WARNING] The resource https://geo.dailymotion.com/static/latest/cdn/dmp.infopack.e02348156d8d0e768d10.js was preloaded using link preload but not used within a few seconds from the window's load event. Please make sure it has an appropriate `as` value and it is preloaded intentionally. @ https://www.asiaone.com/singapore/unpaid-salary-kpa-engineering-workers-mom-services-centre?utm_source=a1home&utm_medium=referral&utm_campaign=a1trendingc&utm_content=x2:0
[  856891ms] [WARNING] The resource https://geo.dailymotion.com/static/latest/cdn/dmp.photon_vendor.fc9b8968a99697c51db2.js was preloaded using link preload but not used within a few seconds from the window's load event. Please make sure it has an appropriate `as` value and it is preloaded intentionally. @ https://www.asiaone.com/singapore/unpaid-salary-kpa-engineering-workers-mom-services-centre?utm_source=a1home&utm_medium=referral&utm_campaign=a1trendingc&utm_content=x2:0
[  856891ms] [WARNING] The resource https://geo.dailymotion.com/static/latest/cdn/dmp.photon_boot.ab93d18721b221f1837b.js was preloaded using link preload but not used within a few seconds from the window's load event. Please make sure it has an appropriate `as` value and it is preloaded intentionally. @ https://www.asiaone.com/singapore/unpaid-salary-kpa-engineering-workers-mom-services-centre?utm_source=a1home&utm_medium=referral&utm_campaign=a1trendingc&utm_content=x2:0
[  856891ms] [WARNING] The resource https://geo.dailymotion.com/static/latest/cdn/dmp.photon_app.87026b59ee79a42e86fa.js was preloaded using link preload but not used within a few seconds from the window's load event. Please make sure it has an appropriate `as` value and it is preloaded intentionally. @ https://www.asiaone.com/singapore/unpaid-salary-kpa-engineering-workers-mom-services-centre?utm_source=a1home&utm_medium=referral&utm_campaign=a1trendingc&utm_content=x2:0
[  856891ms] [WARNING] The resource https://geo.dailymotion.com/static/latest/cdn/dmp.photon_player.74bdd5efe29dd3c9a113.js was preloaded using link preload but not used within a few seconds from the window's load event. Please make sure it has an appropriate `as` value and it is preloaded intentionally. @ https://www.asiaone.com/singapore/unpaid-salary-kpa-engineering-workers-mom-services-centre?utm_source=a1home&utm_medium=referral&utm_campaign=a1trendingc&utm_content=x2:0
[  917801ms] [WARNING] The resource https://geo.dailymotion.com/static/latest/cdn/dmp.infopack.e02348156d8d0e768d10.js was preloaded using link preload but not used within a few seconds from the window's load event. Please make sure it has an appropriate `as` value and it is preloaded intentionally. @ https://www.asiaone.com/singapore/unpaid-salary-kpa-engineering-workers-mom-services-centre?utm_source=a1home&utm_medium=referral&utm_campaign=a1trendingc&utm_content=x2:0
[  917801ms] [WARNING] The resource https://geo.dailymotion.com/static/latest/cdn/dmp.photon_vendor.fc9b8968a99697c51db2.js was preloaded using link preload but not used within a few seconds from the window's load event. Please make sure it has an appropriate `as` value and it is preloaded intentionally. @ https://www.asiaone.com/singapore/unpaid-salary-kpa-engineering-workers-mom-services-centre?utm_source=a1home&utm_medium=referral&utm_campaign=a1trendingc&utm_content=x2:0
[  917801ms] [WARNING] The resource https://geo.dailymotion.com/static/latest/cdn/dmp.photon_boot.ab93d18721b221f1837b.js was preloaded using link preload but not used within a few seconds from the window's load event. Please make sure it has an appropriate `as` value and it is preloaded intentionally. @ https://www.asiaone.com/singapore/unpaid-salary-kpa-engineering-workers-mom-services-centre?utm_source=a1home&utm_medium=referral&utm_campaign=a1trendingc&utm_content=x2:0
[  917801ms] [WARNING] The resource https://geo.dailymotion.com/static/latest/cdn/dmp.photon_app.87026b59ee79a42e86fa.js was preloaded using link preload but not used within a few seconds from the window's load event. Please make sure it has an appropriate `as` value and it is preloaded intentionally. @ https://www.asiaone.com/singapore/unpaid-salary-kpa-engineering-workers-mom-services-centre?utm_source=a1home&utm_medium=referral&utm_campaign=a1trendingc&utm_content=x2:0
[  917801ms] [WARNING] The resource https://geo.dailymotion.com/static/latest/cdn/dmp.photon_player.74bdd5efe29dd3c9a113.js was preloaded using link preload but not used within a few seconds from the window's load event. Please make sure it has an appropriate `as` value and it is preloaded intentionally. @ https://www.asiaone.com/singapore/unpaid-salary-kpa-engineering-workers-mom-services-centre?utm_source=a1home&utm_medium=referral&utm_campaign=a1trendingc&utm_content=x2:0
[  978803ms] [WARNING] The resource https://geo.dailymotion.com/static/latest/cdn/dmp.infopack.e02348156d8d0e768d10.js was preloaded using link preload but not used within a few seconds from the window's load event. Please make sure it has an appropriate `as` value and it is preloaded intentionally. @ https://www.asiaone.com/singapore/unpaid-salary-kpa-engineering-workers-mom-services-centre?utm_source=a1home&utm_medium=referral&utm_campaign=a1trendingc&utm_content=x2:0
[  978803ms] [WARNING] The resource https://geo.dailymotion.com/static/latest/cdn/dmp.photon_vendor.fc9b8968a99697c51db2.js was preloaded using link preload but not used within a few seconds from the window's load event. Please make sure it has an appropriate `as` value and it is preloaded intentionally. @ https://www.asiaone.com/singapore/unpaid-salary-kpa-engineering-workers-mom-services-centre?utm_source=a1home&utm_medium=referral&utm_campaign=a1trendingc&utm_content=x2:0
[  978803ms] [WARNING] The resource https://geo.dailymotion.com/static/latest/cdn/dmp.photon_boot.ab93d18721b221f1837b.js was preloaded using link preload but not used within a few seconds from the window's load event. Please make sure it has an appropriate `as` value and it is preloaded intentionally. @ https://www.asiaone.com/singapore/unpaid-salary-kpa-engineering-workers-mom-services-centre?utm_source=a1home&utm_medium=referral&utm_campaign=a1trendingc&utm_content=x2:0
[  978803ms] [WARNING] The resource https://geo.dailymotion.com/static/latest/cdn/dmp.photon_app.87026b59ee79a42e86fa.js was preloaded using link preload but not used within a few seconds from the window's load event. Please make sure it has an appropriate `as` value and it is preloaded intentionally. @ https://www.asiaone.com/singapore/unpaid-salary-kpa-engineering-workers-mom-services-centre?utm_source=a1home&utm_medium=referral&utm_campaign=a1trendingc&utm_content=x2:0
[  978803ms] [WARNING] The resource https://geo.dailymotion.com/static/latest/cdn/dmp.photon_player.74bdd5efe29dd3c9a113.js was preloaded using link preload but not used within a few seconds from the window's load event. Please make sure it has an appropriate `as` value and it is preloaded intentionally. @ https://www.asiaone.com/singapore/unpaid-salary-kpa-engineering-workers-mom-services-centre?utm_source=a1home&utm_medium=referral&utm_campaign=a1trendingc&utm_content=x2:0
[ 1039788ms] [WARNING] The resource https://geo.dailymotion.com/static/latest/cdn/dmp.infopack.e02348156d8d0e768d10.js was preloaded using link preload but not used within a few seconds from the window's load event. Please make sure it has an appropriate `as` value and it is preloaded intentionally. @ https://www.asiaone.com/singapore/unpaid-salary-kpa-engineering-workers-mom-services-centre?utm_source=a1home&utm_medium=referral&utm_campaign=a1trendingc&utm_content=x2:0
[ 1039788ms] [WARNING] The resource https://geo.dailymotion.com/static/latest/cdn/dmp.photon_vendor.fc9b8968a99697c51db2.js was preloaded using link preload but not used within a few seconds from the window's load event. Please make sure it has an appropriate `as` value and it is preloaded intentionally. @ https://www.asiaone.com/singapore/unpaid-salary-kpa-engineering-workers-mom-services-centre?utm_source=a1home&utm_medium=referral&utm_campaign=a1trendingc&utm_content=x2:0
[ 1039788ms] [WARNING] The resource https://geo.dailymotion.com/static/latest/cdn/dmp.photon_boot.ab93d18721b221f1837b.js was preloaded using link preload but not used within a few seconds from the window's load event. Please make sure it has an appropriate `as` value and it is preloaded intentionally. @ https://www.asiaone.com/singapore/unpaid-salary-kpa-engineering-workers-mom-services-centre?utm_source=a1home&utm_medium=referral&utm_campaign=a1trendingc&utm_content=x2:0
[ 1039788ms] [WARNING] The resource https://geo.dailymotion.com/static/latest/cdn/dmp.photon_app.87026b59ee79a42e86fa.js was preloaded using link preload but not used within a few seconds from the window's load event. Please make sure it has an appropriate `as` value and it is preloaded intentionally. @ https://www.asiaone.com/singapore/unpaid-salary-kpa-engineering-workers-mom-services-centre?utm_source=a1home&utm_medium=referral&utm_campaign=a1trendingc&utm_content=x2:0
[ 1039788ms] [WARNING] The resource https://geo.dailymotion.com/static/latest/cdn/dmp.photon_player.74bdd5efe29dd3c9a113.js was preloaded using link preload but not used within a few seconds from the window's load event. Please make sure it has an appropriate `as` value and it is preloaded intentionally. @ https://www.asiaone.com/singapore/unpaid-salary-kpa-engineering-workers-mom-services-centre?utm_source=a1home&utm_medium=referral&utm_campaign=a1trendingc&utm_content=x2:0
[ 1090802ms] [WARNING] The resource https://geo.dailymotion.com/static/latest/cdn/dmp.infopack.e02348156d8d0e768d10.js was preloaded using link preload but not used within a few seconds from the window's load event. Please make sure it has an appropriate `as` value and it is preloaded intentionally. @ https://www.asiaone.com/singapore/unpaid-salary-kpa-engineering-workers-mom-services-centre?utm_source=a1home&utm_medium=referral&utm_campaign=a1trendingc&utm_content=x2:0
[ 1090802ms] [WARNING] The resource https://geo.dailymotion.com/static/latest/cdn/dmp.photon_vendor.fc9b8968a99697c51db2.js was preloaded using link preload but not used within a few seconds from the window's load event. Please make sure it has an appropriate `as` value and it is preloaded intentionally. @ https://www.asiaone.com/singapore/unpaid-salary-kpa-engineering-workers-mom-services-centre?utm_source=a1home&utm_medium=referral&utm_campaign=a1trendingc&utm_content=x2:0
[ 1090802ms] [WARNING] The resource https://geo.dailymotion.com/static/latest/cdn/dmp.photon_boot.ab93d18721b221f1837b.js was preloaded using link preload but not used within a few seconds from the window's load event. Please make sure it has an appropriate `as` value and it is preloaded intentionally. @ https://www.asiaone.com/singapore/unpaid-salary-kpa-engineering-workers-mom-services-centre?utm_source=a1home&utm_medium=referral&utm_campaign=a1trendingc&utm_content=x2:0
[ 1090802ms] [WARNING] The resource https://geo.dailymotion.com/static/latest/cdn/dmp.photon_app.87026b59ee79a42e86fa.js was preloaded using link preload but not used within a few seconds from the window's load event. Please make sure it has an appropriate `as` value and it is preloaded intentionally. @ https://www.asiaone.com/singapore/unpaid-salary-kpa-engineering-workers-mom-services-centre?utm_source=a1home&utm_medium=referral&utm_campaign=a1trendingc&utm_content=x2:0
[ 1090802ms] [WARNING] The resource https://geo.dailymotion.com/static/latest/cdn/dmp.photon_player.74bdd5efe29dd3c9a113.js was preloaded using link preload but not used within a few seconds from the window's load event. Please make sure it has an appropriate `as` value and it is preloaded intentionally. @ https://www.asiaone.com/singapore/unpaid-salary-kpa-engineering-workers-mom-services-centre?utm_source=a1home&utm_medium=referral&utm_campaign=a1trendingc&utm_content=x2:0
[ 2577314ms] [WARNING] The resource https://geo.dailymotion.com/static/latest/cdn/dmp.infopack.e02348156d8d0e768d10.js was preloaded using link preload but not used within a few seconds from the window's load event. Please make sure it has an appropriate `as` value and it is preloaded intentionally. @ https://www.asiaone.com/singapore/unpaid-salary-kpa-engineering-workers-mom-services-centre?utm_source=a1home&utm_medium=referral&utm_campaign=a1trendingc&utm_content=x2:0
[ 2577314ms] [WARNING] The resource https://geo.dailymotion.com/static/latest/cdn/dmp.photon_vendor.fc9b8968a99697c51db2.js was preloaded using link preload but not used within a few seconds from the window's load event. Please make sure it has an appropriate `as` value and it is preloaded intentionally. @ https://www.asiaone.com/singapore/unpaid-salary-kpa-engineering-workers-mom-services-centre?utm_source=a1home&utm_medium=referral&utm_campaign=a1trendingc&utm_content=x2:0
[ 2577314ms] [WARNING] The resource https://geo.dailymotion.com/static/latest/cdn/dmp.photon_boot.ab93d18721b221f1837b.js was preloaded using link preload but not used within a few seconds from the window's load event. Please make sure it has an appropriate `as` value and it is preloaded intentionally. @ https://www.asiaone.com/singapore/unpaid-salary-kpa-engineering-workers-mom-services-centre?utm_source=a1home&utm_medium=referral&utm_campaign=a1trendingc&utm_content=x2:0
[ 2577314ms] [WARNING] The resource https://geo.dailymotion.com/static/latest/cdn/dmp.photon_app.87026b59ee79a42e86fa.js was preloaded using link preload but not used within a few seconds from the window's load event. Please make sure it has an appropriate `as` value and it is preloaded intentionally. @ https://www.asiaone.com/singapore/unpaid-salary-kpa-engineering-workers-mom-services-centre?utm_source=a1home&utm_medium=referral&utm_campaign=a1trendingc&utm_content=x2:0
[ 2577314ms] [WARNING] The resource https://geo.dailymotion.com/static/latest/cdn/dmp.photon_player.74bdd5efe29dd3c9a113.js was preloaded using link preload but not used within a few seconds from the window's load event. Please make sure it has an appropriate `as` value and it is preloaded intentionally. @ https://www.asiaone.com/singapore/unpaid-salary-kpa-engineering-workers-mom-services-centre?utm_source=a1home&utm_medium=referral&utm_campaign=a1trendingc&utm_content=x2:0
[ 2582494ms] [WARNING] The resource https://geo.dailymotion.com/static/latest/cdn/dmp.infopack.e02348156d8d0e768d10.js was preloaded using link preload but not used within a few seconds from the window's load event. Please make sure it has an appropriate `as` value and it is preloaded intentionally. @ https://www.asiaone.com/singapore/unpaid-salary-kpa-engineering-workers-mom-services-centre?utm_source=a1home&utm_medium=referral&utm_campaign=a1trendingc&utm_content=x2:0
[ 2582494ms] [WARNING] The resource https://geo.dailymotion.com/static/latest/cdn/dmp.photon_vendor.fc9b8968a99697c51db2.js was preloaded using link preload but not used within a few seconds from the window's load event. Please make sure it has an appropriate `as` value and it is preloaded intentionally. @ https://www.asiaone.com/singapore/unpaid-salary-kpa-engineering-workers-mom-services-centre?utm_source=a1home&utm_medium=referral&utm_campaign=a1trendingc&utm_content=x2:0
[ 2582494ms] [WARNING] The resource https://geo.dailymotion.com/static/latest/cdn/dmp.photon_boot.ab93d18721b221f1837b.js was preloaded using link preload but not used within a few seconds from the window's load event. Please make sure it has an appropriate `as` value and it is preloaded intentionally. @ https://www.asiaone.com/singapore/unpaid-salary-kpa-engineering-workers-mom-services-centre?utm_source=a1home&utm_medium=referral&utm_campaign=a1trendingc&utm_content=x2:0
[ 2582494ms] [WARNING] The resource https://geo.dailymotion.com/static/latest/cdn/dmp.photon_app.87026b59ee79a42e86fa.js was preloaded using link preload but not used within a few seconds from the window's load event. Please make sure it has an appropriate `as` value and it is preloaded intentionally. @ https://www.asiaone.com/singapore/unpaid-salary-kpa-engineering-workers-mom-services-centre?utm_source=a1home&utm_medium=referral&utm_campaign=a1trendingc&utm_content=x2:0
[ 2582494ms] [WARNING] The resource https://geo.dailymotion.com/static/latest/cdn/dmp.photon_player.74bdd5efe29dd3c9a113.js was preloaded using link preload but not used within a few seconds from the window's load event. Please make sure it has an appropriate `as` value and it is preloaded intentionally. @ https://www.asiaone.com/singapore/unpaid-salary-kpa-engineering-workers-mom-services-centre?utm_source=a1home&utm_medium=referral&utm_campaign=a1trendingc&utm_content=x2:0
[ 2583341ms] [LOG] %c%s color: red; background: yellow; font-size: 24px; WARNING! @ /_/mss/boq-dots/_/js/k=boq-dots.DotsSplashUi_desktop_ms.en_SG.aL-yoOAsD_I.2018.O/am=GAIFAAAAAICZAAMG/d=1/excm=_b,_tp,homeview/ed=1/dg=0/wt=2/ujg=1/rs=ALs0n2P712qqZRR-cpQCtjuxkm1pPj3Xww/dti=1/m=_b,_tp:287
[ 2583341ms] [LOG] %c%s font-size: 18px; Using this console may allow attackers to impersonate you and steal your information using an attack called Self-XSS.
Do not enter or paste code that you don't understand. @ /_/mss/boq-dots/_/js/k=boq-dots.DotsSplashUi_desktop_ms.en_SG.aL-yoOAsD_I.2018.O/am=GAIFAAAAAICZAAMG/d=1/excm=_b,_tp,homeview/ed=1/dg=0/wt=2/ujg=1/rs=ALs0n2P712qqZRR-cpQCtjuxkm1pPj3Xww/dti=1/m=_b,_tp:287
[ 2584688ms] _.Mj
[ 2584989ms] _.Mj
[ 2617540ms] [WARNING] Blocked aria-hidden on an element because its descendant retained focus. The focus must not be hidden from assistive technology users. Avoid using aria-hidden on a focused element or its ancestor. Consider using the inert attribute instead, which will also prevent focus. For more details, see the aria-hidden section of the WAI-ARIA specification at https://w3c.github.io/aria/#aria-hidden.
Element with focus: <a.WwrzSb>
Ancestor with aria-hidden: <a.WwrzSb> @ https://news.google.com/home?hl=en-SG&gl=SG&ceid=SG:en:0
[ 2657482ms] [WARNING] Blocked aria-hidden on an element because its descendant retained focus. The focus must not be hidden from assistive technology users. Avoid using aria-hidden on a focused element or its ancestor. Consider using the inert attribute instead, which will also prevent focus. For more details, see the aria-hidden section of the WAI-ARIA specification at https://w3c.github.io/aria/#aria-hidden.
Element with focus: <a.WwrzSb>
Ancestor with aria-hidden: <a.WwrzSb> @ https://news.google.com/home?hl=en-SG&gl=SG&ceid=SG:en:0
[ 2684621ms] [WARNING] Blocked aria-hidden on an element because its descendant retained focus. The focus must not be hidden from assistive technology users. Avoid using aria-hidden on a focused element or its ancestor. Consider using the inert attribute instead, which will also prevent focus. For more details, see the aria-hidden section of the WAI-ARIA specification at https://w3c.github.io/aria/#aria-hidden.
Element with focus: <a.WwrzSb>
Ancestor with aria-hidden: <a.WwrzSb> @ https://news.google.com/home?hl=en-SG&gl=SG&ceid=SG:en:0
[ 2757968ms] [WARNING] Blocked aria-hidden on an element because its descendant retained focus. The focus must not be hidden from assistive technology users. Avoid using aria-hidden on a focused element or its ancestor. Consider using the inert attribute instead, which will also prevent focus. For more details, see the aria-hidden section of the WAI-ARIA specification at https://w3c.github.io/aria/#aria-hidden.
Element with focus: <a.WwrzSb>
Ancestor with aria-hidden: <a.WwrzSb> @ https://news.google.com/home?hl=en-SG&gl=SG&ceid=SG:en:0
