[    1304ms] Uncaught Error: v
    at resolve (:31:2422)
    at <anonymous> (https://www.gstatic.com/og/_/js/k=og.qtm.en_US.uJxPvQ7nVXw.2019.O/rt=j/m=qabr,qgl,q_dnp,qcwid,qapid,qads,qrcd,q_dg/exm=qaaw,qadd,qaid,qein,qhaw,qhba,qhbr,qhch,qhga,qhid,qhin/d=1/ed=1/rs=AA2YrTsuHzIl5aPA8tH657d0hJGdnbfTsQ:642:744)
    at Ip (https://www.gstatic.com/og/_/js/k=og.qtm.en_US.uJxPvQ7nVXw.2019.O/rt=j/m=qabr,qgl,q_dnp,qcwid,qapid,qads,qrcd,q_dg/exm=qaaw,qadd,qaid,qein,qhaw,qhba,qhbr,qhch,qhga,qhid,qhin/d=1/ed=1/rs=AA2YrTsuHzIl5aPA8tH657d0hJGdnbfTsQ:636:321)
    at Hp (https://www.gstatic.com/og/_/js/k=og.qtm.en_US.uJxPvQ7nVXw.2019.O/rt=j/m=qabr,qgl,q_dnp,qcwid,qapid,qads,qrcd,q_dg/exm=qaaw,qadd,qaid,qein,qhaw,qhba,qhbr,qhch,qhga,qhid,qhin/d=1/ed=1/rs=AA2YrTsuHzIl5aPA8tH657d0hJGdnbfTsQ:634:419)
    at _.Fp.o (https://www.gstatic.com/og/_/js/k=og.qtm.en_US.uJxPvQ7nVXw.2019.O/rt=j/m=qabr,qgl,q_dnp,qcwid,qapid,qads,qrcd,q_dg/exm=qaaw,qadd,qaid,qein,qhaw,qhba,qhbr,qhch,qhga,qhid,qhin/d=1/ed=1/rs=AA2YrTsuHzIl5aPA8tH657d0hJGdnbfTsQ:634:520)
    at v (https://www.gstatic.com/og/_/js/k=og.qtm.en_US.uJxPvQ7nVXw.2019.O/rt=j/m=qabr,qgl,q_dnp,qcwid,qapid,qads,qrcd,q_dg/exm=qaaw,qadd,qaid,qein,qhaw,qhba,qhbr,qhch,qhga,qhid,qhin/d=1/ed=1/rs=AA2YrTsuHzIl5aPA8tH657d0hJGdnbfTsQ:642:344)
    at Ip (https://www.gstatic.com/og/_/js/k=og.qtm.en_US.uJxPvQ7nVXw.2019.O/rt=j/m=qabr,qgl,q_dnp,qcwid,qapid,qads,qrcd,q_dg/exm=qaaw,qadd,qaid,qein,qhaw,qhba,qhbr,qhch,qhga,qhid,qhin/d=1/ed=1/rs=AA2YrTsuHzIl5aPA8tH657d0hJGdnbfTsQ:636:321)
    at Hp (https://www.gstatic.com/og/_/js/k=og.qtm.en_US.uJxPvQ7nVXw.2019.O/rt=j/m=qabr,qgl,q_dnp,qcwid,qapid,qads,qrcd,q_dg/exm=qaaw,qadd,qaid,qein,qhaw,qhba,qhbr,qhch,qhga,qhid,qhin/d=1/ed=1/rs=AA2YrTsuHzIl5aPA8tH657d0hJGdnbfTsQ:634:419)
    at _.Fp.o (https://www.gstatic.com/og/_/js/k=og.qtm.en_US.uJxPvQ7nVXw.2019.O/rt=j/m=qabr,qgl,q_dnp,qcwid,qapid,qads,qrcd,q_dg/exm=qaaw,qadd,qaid,qein,qhaw,qhba,qhbr,qhch,qhga,qhid,qhin/d=1/ed=1/rs=AA2YrTsuHzIl5aPA8tH657d0hJGdnbfTsQ:634:520)
    at <anonymous> (https://www.gstatic.com/og/_/js/k=og.qtm.en_US.uJxPvQ7nVXw.2019.O/rt=j/m=qabr,qgl,q_dnp,qcwid,qapid,qads,qrcd,q_dg/exm=qaaw,qadd,qaid,qein,qhaw,qhba,qhbr,qhch,qhga,qhid,qhin/d=1/ed=1/rs=AA2YrTsuHzIl5aPA8tH657d0hJGdnbfTsQ:137:0)
    at Vo (https://www.gstatic.com/og/_/js/k=og.qtm.en_US.uJxPvQ7nVXw.2019.O/rt=j/m=qabr,qgl,q_dnp,qcwid,qapid,qads,qrcd,q_dg/exm=qaaw,qadd,qaid,qein,qhaw,qhba,qhbr,qhch,qhga,qhid,qhin/d=1/ed=1/rs=AA2YrTsuHzIl5aPA8tH657d0hJGdnbfTsQ:127:754)
    at ac (https://www.gstatic.com/og/_/js/k=og.qtm.en_US.uJxPvQ7nVXw.2019.O/rt=j/m=qabr,qgl,q_dnp,qcwid,qapid,qads,qrcd,q_dg/exm=qaaw,qadd,qaid,qein,qhaw,qhba,qhbr,qhch,qhga,qhid,qhin/d=1/ed=1/rs=AA2YrTsuHzIl5aPA8tH657d0hJGdnbfTsQ:136:497)
    at I.<computed>.I.<computed> (https://www.gstatic.com/og/_/js/k=og.qtm.en_US.uJxPvQ7nVXw.2019.O/rt=j/m=qabr,qgl,q_dnp,qcwid,qapid,qads,qrcd,q_dg/exm=qaaw,qadd,qaid,qein,qhaw,qhba,qhbr,qhch,qhga,qhid,qhin/d=1/ed=1/rs=AA2YrTsuHzIl5aPA8tH657d0hJGdnbfTsQ:137:78)
    at Gf (https://www.gstatic.com/og/_/js/k=og.qtm.en_US.uJxPvQ7nVXw.2019.O/rt=j/m=qabr,qgl,q_dnp,qcwid,qapid,qads,qrcd,q_dg/exm=qaaw,qadd,qaid,qein,qhaw,qhba,qhbr,qhch,qhga,qhid,qhin/d=1/ed=1/rs=AA2YrTsuHzIl5aPA8tH657d0hJGdnbfTsQ:137:44)
    at <anonymous> (https://www.gstatic.com/og/_/js/k=og.qtm.en_US.uJxPvQ7nVXw.2019.O/rt=j/m=qabr,qgl,q_dnp,qcwid,qapid,qads,qrcd,q_dg/exm=qaaw,qadd,qaid,qein,qhaw,qhba,qhbr,qhch,qhga,qhid,qhin/d=1/ed=1/rs=AA2YrTsuHzIl5aPA8tH657d0hJGdnbfTsQ:137:4)
    at Vo (https://www.gstatic.com/og/_/js/k=og.qtm.en_US.uJxPvQ7nVXw.2019.O/rt=j/m=qabr,qgl,q_dnp,qcwid,qapid,qads,qrcd,q_dg/exm=qaaw,qadd,qaid,qein,qhaw,qhba,qhbr,qhch,qhga,qhid,qhin/d=1/ed=1/rs=AA2YrTsuHzIl5aPA8tH657d0hJGdnbfTsQ:127:754)
    at ac (https://www.gstatic.com/og/_/js/k=og.qtm.en_US.uJxPvQ7nVXw.2019.O/rt=j/m=qabr,qgl,q_dnp,qcwid,qapid,qads,qrcd,q_dg/exm=qaaw,qadd,qaid,qein,qhaw,qhba,qhbr,qhch,qhga,qhid,qhin/d=1/ed=1/rs=AA2YrTsuHzIl5aPA8tH657d0hJGdnbfTsQ:136:497)
    at I.<computed> (https://www.gstatic.com/og/_/js/k=og.qtm.en_US.uJxPvQ7nVXw.2019.O/rt=j/m=qabr,qgl,q_dnp,qcwid,qapid,qads,qrcd,q_dg/exm=qaaw,qadd,qaid,qein,qhaw,qhba,qhbr,qhch,qhga,qhid,qhin/d=1/ed=1/rs=AA2YrTsuHzIl5aPA8tH657d0hJGdnbfTsQ:137:86)
    at So.<computed> (https://www.gstatic.com/og/_/js/k=og.qtm.en_US.uJxPvQ7nVXw.2019.O/rt=j/m=qabr,qgl,q_dnp,qcwid,qapid,qads,qrcd,q_dg/exm=qaaw,qadd,qaid,qein,qhaw,qhba,qhbr,qhch,qhga,qhid,qhin/d=1/ed=1/rs=AA2YrTsuHzIl5aPA8tH657d0hJGdnbfTsQ:137:153)
    at <anonymous> (https://apis.google.com/_/scs/abc-static/_/js/k=gapi.gapi.en.54_HDveOtkQ.O/m=gapi_iframes,googleapis_client/rt=j/sv=1/d=1/ed=1/rs=AHpOoo9QufOdPYTRkbTJadTW6smsxlWLMw/cb=gapi.loaded_0:0:5)
[    2117ms] [ERROR] Failed to load resource: the server responded with a status of 404 () @ https://developerprofiles-pa.clients6.google.com/$rpc/google.internal.developerprofiles.v1.profile.ProfileService/GetProfile:0
