[    5759ms] [WARNING] [GPT] PubAdsService.getTargeting is deprecated, use googletag.getConfig('targeting') instead.
https://goo.gle/gpt-message#200 @ https://securepubads.g.doubleclick.net/pagead/managed/js/gpt/m202606150101/pubads_impl.js?cb=31099272:18
[    5762ms] [WARNING] [GPT] Slot.setTargeting is deprecated, use Slot.setConfig({targeting: ...}) instead.
https://goo.gle/gpt-message#171 @ https://securepubads.g.doubleclick.net/pagead/managed/js/gpt/m202606150101/pubads_impl.js?cb=31099272:18
[    7563ms] [ERROR] Failed to load resource: the server responded with a status of 400 (Bad Request) @ https://ps.eyeota.net/match?bid=2ri0rg0&uid={23805f65-ebc5-8913-452383b1}:0
[    9659ms] [WARNING] The resource https://geo.dailymotion.com/static/latest/cdn/dmp.infopack.e02348156d8d0e768d10.js was preloaded using link preload but not used within a few seconds from the window's load event. Please make sure it has an appropriate `as` value and it is preloaded intentionally. @ https://www.asiaone.com/:0
[    9659ms] [WARNING] The resource https://geo.dailymotion.com/static/latest/cdn/dmp.photon_vendor.fc9b8968a99697c51db2.js was preloaded using link preload but not used within a few seconds from the window's load event. Please make sure it has an appropriate `as` value and it is preloaded intentionally. @ https://www.asiaone.com/:0
[    9659ms] [WARNING] The resource https://geo.dailymotion.com/static/latest/cdn/dmp.photon_boot.ab93d18721b221f1837b.js was preloaded using link preload but not used within a few seconds from the window's load event. Please make sure it has an appropriate `as` value and it is preloaded intentionally. @ https://www.asiaone.com/:0
[    9659ms] [WARNING] The resource https://geo.dailymotion.com/static/latest/cdn/dmp.photon_app.87026b59ee79a42e86fa.js was preloaded using link preload but not used within a few seconds from the window's load event. Please make sure it has an appropriate `as` value and it is preloaded intentionally. @ https://www.asiaone.com/:0
[    9659ms] [WARNING] The resource https://geo.dailymotion.com/static/latest/cdn/dmp.photon_player.74bdd5efe29dd3c9a113.js was preloaded using link preload but not used within a few seconds from the window's load event. Please make sure it has an appropriate `as` value and it is preloaded intentionally. @ https://www.asiaone.com/:0
[   10337ms] [ERROR] Failed to load resource: net::ERR_NAME_NOT_RESOLVED @ https://rt.marphezis.com/sync/pub?pubid=21070&gdpr=0&gdpr_consent=&us_privacy=&gpp=&gpp_sid=&rurl=https%3A%2F%2Fpublic-prod-dspcookiematching.dmxleo.com%2Fdspreply%3FdspId%3D4440%26dspUserId%3D%24USERID:0
[   10446ms] [ERROR] Failed to load resource: net::ERR_NAME_NOT_RESOLVED @ https://xn--sync-k6d.copper6.com/image?pbjs=1&coppa=0:0
[   11646ms] [ERROR] Attestation check for Shared Storage on https://www.googleadservices.com failed. @ https://www.googleadservices.com/pagead/managed/js/activeview/current/reach_worklet.html:0
[   11660ms] [ERROR] Attestation check for Shared Storage on https://www.googleadservices.com failed. @ https://www.googleadservices.com/pagead/managed/js/activeview/current/reach_worklet.html:0
[   11672ms] [ERROR] Attestation check for Shared Storage on https://www.googleadservices.com failed. @ https://www.googleadservices.com/pagead/managed/js/activeview/current/reach_worklet.html:0
[   11897ms] [ERROR] Attestation check for Attribution Reporting on https://ad.doubleclick.net failed. @ https://www.asiaone.com/:0
[   12170ms] [WARNING] The resource https://geo.dailymotion.com/static/latest/cdn/dmp.photon_player.74bdd5efe29dd3c9a113.js was preloaded using link preload but not used within a few seconds from the window's load event. Please make sure it has an appropriate `as` value and it is preloaded intentionally. @ https://geo.dailymotion.com/player/x8lhq.html?playlist=x7knmt&customConfig%5Bdynamiciu%5D=22929369600%252fa1%252fpreroll%252fhomepage&customConfig%5Bplcmt%5D=1&actionInfo=false&mute=true&dmPubtool=new-cdn-ce-v2:0
[   12375ms] [ERROR] Failed to load resource: net::ERR_NAME_NOT_RESOLVED @ https://su.addthis.com/red/usync?pid=11124&puid=5d9e2442-c0a9-466a-9a77-71e054f7dd6e&url=https%3a%2f%2fmatch.adsrvr.org%2ftrack%2fcmf%2fgeneric%3fttd_pid%3daddthis:0
[   13854ms] [ERROR] Attestation check for Attribution Reporting on https://ad.doubleclick.net failed. @ https://www.asiaone.com/:0
[   18001ms] [WARNING] The resource https://geo.dailymotion.com/static/latest/cdn/dmp.photon_player.74bdd5efe29dd3c9a113.js was preloaded using link preload but not used within a few seconds from the window's load event. Please make sure it has an appropriate `as` value and it is preloaded intentionally. @ https://geo.dailymotion.com/player/x8lhq.html?playlist=x7knmt&customConfig%5Bdynamiciu%5D=22929369600%252fa1%252fpreroll%252fhomepage&customConfig%5Bplcmt%5D=1&actionInfo=false&mute=true&dmPubtool=new-cdn-ce-v2:0
[   46280ms] [WARNING] [GPT] PubAdsService.getTargeting is deprecated, use googletag.getConfig('targeting') instead.
https://goo.gle/gpt-message#200 @ https://securepubads.g.doubleclick.net/pagead/managed/js/gpt/m202606150101/pubads_impl.js?cb=31099272:18
[   46283ms] [WARNING] [GPT] Slot.setTargeting is deprecated, use Slot.setConfig({targeting: ...}) instead.
https://goo.gle/gpt-message#171 @ https://securepubads.g.doubleclick.net/pagead/managed/js/gpt/m202606150101/pubads_impl.js?cb=31099272:18
[   47114ms] [ERROR] Failed to load resource: the server responded with a status of 404 (Not Found) @ https://tcheck.outbrainimg.com/tcheck/check/d3d3LmFzaWFvbmUuY29t:0
[   47162ms] [ERROR] Attestation check for Shared Storage on https://www.googleadservices.com failed. @ https://www.googleadservices.com/pagead/managed/js/activeview/current/reach_worklet.html:0
[   47162ms] [ERROR] Attestation check for Shared Storage on https://www.googleadservices.com failed. @ https://www.googleadservices.com/pagead/managed/js/activeview/current/reach_worklet.html:0
[   47507ms] [ERROR] Attestation check for Shared Storage on https://www.googleadservices.com failed. @ https://www.googleadservices.com/pagead/managed/js/activeview/current/reach_worklet.html:0
[   47557ms] Unexpected identifier 'Â'
[   47162ms] [ERROR] Attestation check for Shared Storage on https://www.googleadservices.com failed. @ https://www.googleadservices.com/pagead/managed/js/activeview/current/reach_worklet.html:0
[   47507ms] [ERROR] Attestation check for Shared Storage on https://www.googleadservices.com failed. @ https://www.googleadservices.com/pagead/managed/js/activeview/current/reach_worklet.html:0
[   47162ms] [ERROR] Attestation check for Shared Storage on https://www.googleadservices.com failed. @ https://www.googleadservices.com/pagead/managed/js/activeview/current/reach_worklet.html:0
[   47507ms] [ERROR] Attestation check for Shared Storage on https://www.googleadservices.com failed. @ https://www.googleadservices.com/pagead/managed/js/activeview/current/reach_worklet.html:0
[   47706ms] [ERROR] Attestation check for Shared Storage on https://www.googleadservices.com failed. @ https://www.googleadservices.com/pagead/managed/js/activeview/current/reach_worklet.html:0
[   47726ms] [ERROR] Attestation check for Shared Storage on https://www.googleadservices.com failed. @ https://www.googleadservices.com/pagead/managed/js/activeview/current/reach_worklet.html:0
[   47162ms] [ERROR] Attestation check for Shared Storage on https://www.googleadservices.com failed. @ https://www.googleadservices.com/pagead/managed/js/activeview/current/reach_worklet.html:0
[   47507ms] [ERROR] Attestation check for Shared Storage on https://www.googleadservices.com failed. @ https://www.googleadservices.com/pagead/managed/js/activeview/current/reach_worklet.html:0
[   47706ms] [ERROR] Attestation check for Shared Storage on https://www.googleadservices.com failed. @ https://www.googleadservices.com/pagead/managed/js/activeview/current/reach_worklet.html:0
[   47726ms] [ERROR] Attestation check for Shared Storage on https://www.googleadservices.com failed. @ https://www.googleadservices.com/pagead/managed/js/activeview/current/reach_worklet.html:0
[   48198ms] [ERROR] Attestation check for Shared Storage on https://www.googleadservices.com failed. @ https://www.googleadservices.com/pagead/managed/js/activeview/current/reach_worklet.html:0
[   48767ms] [WARNING] The following functions are deprecated: googletag.pubads().setTagForChildDirectedTreatment(), googletag.pubads().clearTagForChildDirectedTreatment(), googletag.pubads().setRequestNonPersonalizedAds(), and googletag.pubads().setTagForUnderAgeOfConsent(). Please use googletag.pubads().setPrivacySettings() instead. @ https://securepubads.g.doubleclick.net/pagead/managed/js/gpt/m202606150101/pubads_impl.js?cb=31099272:18
[   48882ms] [WARNING] The following functions are deprecated: googletag.pubads().setTagForChildDirectedTreatment(), googletag.pubads().clearTagForChildDirectedTreatment(), googletag.pubads().setRequestNonPersonalizedAds(), and googletag.pubads().setTagForUnderAgeOfConsent(). Please use googletag.pubads().setPrivacySettings() instead. @ https://securepubads.g.doubleclick.net/pagead/managed/js/gpt/m202606150101/pubads_impl.js?cb=31099272:18
[   47162ms] [ERROR] Attestation check for Shared Storage on https://www.googleadservices.com failed. @ https://www.googleadservices.com/pagead/managed/js/activeview/current/reach_worklet.html:0
[   47507ms] [ERROR] Attestation check for Shared Storage on https://www.googleadservices.com failed. @ https://www.googleadservices.com/pagead/managed/js/activeview/current/reach_worklet.html:0
[   47706ms] [ERROR] Attestation check for Shared Storage on https://www.googleadservices.com failed. @ https://www.googleadservices.com/pagead/managed/js/activeview/current/reach_worklet.html:0
[   47726ms] [ERROR] Attestation check for Shared Storage on https://www.googleadservices.com failed. @ https://www.googleadservices.com/pagead/managed/js/activeview/current/reach_worklet.html:0
[   48198ms] [ERROR] Attestation check for Shared Storage on https://www.googleadservices.com failed. @ https://www.googleadservices.com/pagead/managed/js/activeview/current/reach_worklet.html:0
[   50213ms] [ERROR] Failed to load resource: the server responded with a status of 400 () @ https://ssum-sec.casalemedia.com/usermatch?s=194558&cb=https%3A%2F%2Fu.4dex.io%2Fsetuid%3Fbidder%3Dindexexchange%26it%3Dadg-pb-clt%26uid%3D:0
[   50213ms] [ERROR] Failed to load resource: the server responded with a status of 400 () @ https://ssum-sec.casalemedia.com/usermatch?s=194558&cb=https%3A%2F%2Fu.4dex.io%2Fsetuid%3Fbidder%3Dindexexchange%26it%3Dadg-pb-clt%26uid%3D:0
[   50213ms] [ERROR] Failed to load resource: the server responded with a status of 400 () @ https://ssum-sec.casalemedia.com/usermatch?s=194558&cb=https%3A%2F%2Fu.4dex.io%2Fsetuid%3Fbidder%3Dindexexchange%26it%3Dadg-pb-clt%26uid%3D:0
[   50213ms] [ERROR] Failed to load resource: the server responded with a status of 400 () @ https://ssum-sec.casalemedia.com/usermatch?s=194558&cb=https%3A%2F%2Fu.4dex.io%2Fsetuid%3Fbidder%3Dindexexchange%26it%3Dadg-pb-clt%26uid%3D:0
[   47162ms] [ERROR] Attestation check for Shared Storage on https://www.googleadservices.com failed. @ https://www.googleadservices.com/pagead/managed/js/activeview/current/reach_worklet.html:0
[   47507ms] [ERROR] Attestation check for Shared Storage on https://www.googleadservices.com failed. @ https://www.googleadservices.com/pagead/managed/js/activeview/current/reach_worklet.html:0
[   47706ms] [ERROR] Attestation check for Shared Storage on https://www.googleadservices.com failed. @ https://www.googleadservices.com/pagead/managed/js/activeview/current/reach_worklet.html:0
[   47726ms] [ERROR] Attestation check for Shared Storage on https://www.googleadservices.com failed. @ https://www.googleadservices.com/pagead/managed/js/activeview/current/reach_worklet.html:0
[   48198ms] [ERROR] Attestation check for Shared Storage on https://www.googleadservices.com failed. @ https://www.googleadservices.com/pagead/managed/js/activeview/current/reach_worklet.html:0
[   50411ms] [ERROR] Failed to load resource: net::ERR_NAME_NOT_RESOLVED @ https://xn--sync-k6d.copper6.com/image?pbjs=1&coppa=0:0
[   50837ms] [ERROR] Attestation check for Shared Storage on https://www.googleadservices.com failed. @ https://www.googleadservices.com/pagead/managed/js/activeview/current/reach_worklet.html:0
[   50855ms] [ERROR] Attestation check for Shared Storage on https://www.googleadservices.com failed. @ https://www.googleadservices.com/pagead/managed/js/activeview/current/reach_worklet.html:0
[   50931ms] [ERROR] Failed to load resource: net::ERR_NAME_NOT_RESOLVED @ https://sync.search.spotxchange.com/partner?adv_id=7715&uid=77330747179346582:0
[   51996ms] [ERROR] Failed to load resource: the server responded with a status of 451 () @ https://idsync.rlcdn.com/403896.gif?partner_uid=0-2d86d1c2-9433-53ca-799a-5454c75038f6$ip$42.60.175.97&gdpr=&gdpr_consent=:0
[   47162ms] [ERROR] Attestation check for Shared Storage on https://www.googleadservices.com failed. @ https://www.googleadservices.com/pagead/managed/js/activeview/current/reach_worklet.html:0
[   47507ms] [ERROR] Attestation check for Shared Storage on https://www.googleadservices.com failed. @ https://www.googleadservices.com/pagead/managed/js/activeview/current/reach_worklet.html:0
[   47706ms] [ERROR] Attestation check for Shared Storage on https://www.googleadservices.com failed. @ https://www.googleadservices.com/pagead/managed/js/activeview/current/reach_worklet.html:0
[   47726ms] [ERROR] Attestation check for Shared Storage on https://www.googleadservices.com failed. @ https://www.googleadservices.com/pagead/managed/js/activeview/current/reach_worklet.html:0
[   48198ms] [ERROR] Attestation check for Shared Storage on https://www.googleadservices.com failed. @ https://www.googleadservices.com/pagead/managed/js/activeview/current/reach_worklet.html:0
[   50837ms] [ERROR] Attestation check for Shared Storage on https://www.googleadservices.com failed. @ https://www.googleadservices.com/pagead/managed/js/activeview/current/reach_worklet.html:0
[   50855ms] [ERROR] Attestation check for Shared Storage on https://www.googleadservices.com failed. @ https://www.googleadservices.com/pagead/managed/js/activeview/current/reach_worklet.html:0
[   53002ms] [ERROR] Attestation check for Shared Storage on https://www.googleadservices.com failed. @ https://www.googleadservices.com/pagead/managed/js/activeview/current/reach_worklet.html:0
[   53014ms] [ERROR] Attestation check for Attribution Reporting on https://ad.doubleclick.net failed. @ https://www.asiaone.com/singapore/singapore-loanshark-sets-wrong-home-fire-debt-jb?utm_source=a1home&utm_medium=referral&utm_campaign=a1trendingc&utm_content=x11:0
[   55147ms] [ERROR] Attestation check for Attribution Reporting on https://ad.doubleclick.net failed. @ https://www.asiaone.com/singapore/singapore-loanshark-sets-wrong-home-fire-debt-jb?utm_source=a1home&utm_medium=referral&utm_campaign=a1trendingc&utm_content=x11:0
[   55543ms] [ERROR] Access to XMLHttpRequest at 'https://ut.pubmatic.com/geo?pubid=NaN' from origin 'https://ads.pubmatic.com' has been blocked by CORS policy: No 'Access-Control-Allow-Origin' header is present on the requested resource. @ https://ads.pubmatic.com/AdServer/js/user_sync.html?p=aniview&gdpr=0&gdpr_consent=&ccpa=1---&gpp=&gpp_sid=&predirect=https%3A%2F%2Fsync.aniview.com%2Fcookiesyncendpoint%3Fauid%3D1782172235408-172031149036-000695-010-007068%26biddername%3D1%26key%3D:0
[   55665ms] [ERROR] Failed to load resource: the server responded with a status of 404 (Not Found) @ https://csync.copper6.com/30128164b0a0e5bf91d485a007ec2531.gif?puid=_f40HqbRFEX5_QyEqQcASGsFm_GTJ_Aqiw7gQX6vHW0&redir=[RED]&gdpr=[GDPR]&gdpr_consent=[GDPR_CONSENT]&coppa=[COPPA]&gpp=[GPP]&gpp_sid=[GPP_SID]:0
[   55667ms] [WARNING] The following functions are deprecated: googletag.pubads().setTagForChildDirectedTreatment(), googletag.pubads().clearTagForChildDirectedTreatment(), googletag.pubads().setRequestNonPersonalizedAds(), and googletag.pubads().setTagForUnderAgeOfConsent(). Please use googletag.pubads().setPrivacySettings() instead. @ https://securepubads.g.doubleclick.net/pagead/managed/js/gpt/m202606150101/pubads_impl.js?cb=31099272:18
[   55694ms] [LOG] Called iframe: pa.openx.net [] 
Number of topics:  0 @ https://pa.openx.net/topics_frame.html?bidder=openx:15
[   55739ms] [ERROR] Failed to load resource: net::ERR_FAILED @ https://ut.pubmatic.com/geo?pubid=NaN:0
[   56863ms] [ERROR] Failed to load resource: net::ERR_TOO_MANY_REDIRECTS @ https://x.bidswitch.net/sync?ssp=stickyads&gdpr=0&gdpr_consent=&us_privacy=:0
[   47162ms] [ERROR] Attestation check for Shared Storage on https://www.googleadservices.com failed. @ https://www.googleadservices.com/pagead/managed/js/activeview/current/reach_worklet.html:0
[   47507ms] [ERROR] Attestation check for Shared Storage on https://www.googleadservices.com failed. @ https://www.googleadservices.com/pagead/managed/js/activeview/current/reach_worklet.html:0
[   47706ms] [ERROR] Attestation check for Shared Storage on https://www.googleadservices.com failed. @ https://www.googleadservices.com/pagead/managed/js/activeview/current/reach_worklet.html:0
[   47726ms] [ERROR] Attestation check for Shared Storage on https://www.googleadservices.com failed. @ https://www.googleadservices.com/pagead/managed/js/activeview/current/reach_worklet.html:0
[   48198ms] [ERROR] Attestation check for Shared Storage on https://www.googleadservices.com failed. @ https://www.googleadservices.com/pagead/managed/js/activeview/current/reach_worklet.html:0
[   50837ms] [ERROR] Attestation check for Shared Storage on https://www.googleadservices.com failed. @ https://www.googleadservices.com/pagead/managed/js/activeview/current/reach_worklet.html:0
[   50855ms] [ERROR] Attestation check for Shared Storage on https://www.googleadservices.com failed. @ https://www.googleadservices.com/pagead/managed/js/activeview/current/reach_worklet.html:0
[   53002ms] [ERROR] Attestation check for Shared Storage on https://www.googleadservices.com failed. @ https://www.googleadservices.com/pagead/managed/js/activeview/current/reach_worklet.html:0
[   59565ms] [WARNING] [GPT] PubAdsService.getTargeting is deprecated, use googletag.getConfig('targeting') instead.
https://goo.gle/gpt-message#200 @ https://securepubads.g.doubleclick.net/pagead/managed/js/gpt/m202606150101/pubads_impl.js?cb=31099272:18
[   59572ms] [WARNING] [GPT] Slot.setTargeting is deprecated, use Slot.setConfig({targeting: ...}) instead.
https://goo.gle/gpt-message#171 @ https://securepubads.g.doubleclick.net/pagead/managed/js/gpt/m202606150101/pubads_impl.js?cb=31099272:18
[   60472ms] [INFO] Powered by AMP ⚡ HTML – Version 2605071401000 https://www.asiaone.com/lite @ https://cdn.ampproject.org/rtv/012605071401000/amp4ads-v0.mjs:1
[   62690ms] [ERROR] Failed to load resource: net::ERR_NAME_NOT_RESOLVED @ https://xn--sync-k6d.copper6.com/image?pbjs=1&coppa=0:0
[   63207ms] [ERROR] Attestation check for Shared Storage on https://www.googleadservices.com failed. @ https://www.googleadservices.com/pagead/managed/js/activeview/current/reach_worklet.html:0
[   63412ms] [ERROR] Failed to load resource: net::ERR_NAME_NOT_RESOLVED @ https://rt.marphezis.com/sync/pub?pubid=21070&gdpr=0&gdpr_consent=&us_privacy=&gpp=&gpp_sid=&rurl=https%3A%2F%2Fpublic-prod-dspcookiematching.dmxleo.com%2Fdspreply%3FdspId%3D4440%26dspUserId%3D%24USERID:0
[   65620ms] [WARNING] The resource https://geo.dailymotion.com/static/latest/cdn/dmp.infopack.e02348156d8d0e768d10.js was preloaded using link preload but not used within a few seconds from the window's load event. Please make sure it has an appropriate `as` value and it is preloaded intentionally. @ https://www.asiaone.com/lite:0
[   65620ms] [WARNING] The resource https://geo.dailymotion.com/static/latest/cdn/dmp.photon_vendor.fc9b8968a99697c51db2.js was preloaded using link preload but not used within a few seconds from the window's load event. Please make sure it has an appropriate `as` value and it is preloaded intentionally. @ https://www.asiaone.com/lite:0
[   65645ms] [WARNING] The resource https://geo.dailymotion.com/static/latest/cdn/dmp.photon_boot.ab93d18721b221f1837b.js was preloaded using link preload but not used within a few seconds from the window's load event. Please make sure it has an appropriate `as` value and it is preloaded intentionally. @ https://www.asiaone.com/lite:0
[   65645ms] [WARNING] The resource https://geo.dailymotion.com/static/latest/cdn/dmp.photon_app.87026b59ee79a42e86fa.js was preloaded using link preload but not used within a few seconds from the window's load event. Please make sure it has an appropriate `as` value and it is preloaded intentionally. @ https://www.asiaone.com/lite:0
[   65645ms] [WARNING] The resource https://geo.dailymotion.com/static/latest/cdn/dmp.photon_player.74bdd5efe29dd3c9a113.js was preloaded using link preload but not used within a few seconds from the window's load event. Please make sure it has an appropriate `as` value and it is preloaded intentionally. @ https://www.asiaone.com/lite:0
[   67295ms] [WARNING] The resource https://geo.dailymotion.com/static/latest/cdn/dmp.photon_player.74bdd5efe29dd3c9a113.js was preloaded using link preload but not used within a few seconds from the window's load event. Please make sure it has an appropriate `as` value and it is preloaded intentionally. @ https://geo.dailymotion.com/player/xufq0.html?playlist=x7knmt&customConfig%5Bdynamiciu%5D=22929369600%252fa1%252fpreroll%252flatest&customConfig%5Bplcmt%5D=1&actionInfo=false&mute=true&dmPubtool=new-cdn-ce-v2:0
[   69848ms] [WARNING] The resource https://geo.dailymotion.com/static/latest/cdn/dmp.infopack.e02348156d8d0e768d10.js was preloaded using link preload but not used within a few seconds from the window's load event. Please make sure it has an appropriate `as` value and it is preloaded intentionally. @ https://www.asiaone.com/lite:0
[   69848ms] [WARNING] The resource https://geo.dailymotion.com/static/latest/cdn/dmp.photon_vendor.fc9b8968a99697c51db2.js was preloaded using link preload but not used within a few seconds from the window's load event. Please make sure it has an appropriate `as` value and it is preloaded intentionally. @ https://www.asiaone.com/lite:0
[   69848ms] [WARNING] The resource https://geo.dailymotion.com/static/latest/cdn/dmp.photon_boot.ab93d18721b221f1837b.js was preloaded using link preload but not used within a few seconds from the window's load event. Please make sure it has an appropriate `as` value and it is preloaded intentionally. @ https://www.asiaone.com/lite:0
[   69848ms] [WARNING] The resource https://geo.dailymotion.com/static/latest/cdn/dmp.photon_app.87026b59ee79a42e86fa.js was preloaded using link preload but not used within a few seconds from the window's load event. Please make sure it has an appropriate `as` value and it is preloaded intentionally. @ https://www.asiaone.com/lite:0
[   69848ms] [WARNING] The resource https://geo.dailymotion.com/static/latest/cdn/dmp.photon_player.74bdd5efe29dd3c9a113.js was preloaded using link preload but not used within a few seconds from the window's load event. Please make sure it has an appropriate `as` value and it is preloaded intentionally. @ https://www.asiaone.com/lite:0
[  128542ms] [WARNING] The resource https://geo.dailymotion.com/static/latest/cdn/dmp.infopack.e02348156d8d0e768d10.js was preloaded using link preload but not used within a few seconds from the window's load event. Please make sure it has an appropriate `as` value and it is preloaded intentionally. @ https://www.asiaone.com/lite:0
[  128542ms] [WARNING] The resource https://geo.dailymotion.com/static/latest/cdn/dmp.photon_vendor.fc9b8968a99697c51db2.js was preloaded using link preload but not used within a few seconds from the window's load event. Please make sure it has an appropriate `as` value and it is preloaded intentionally. @ https://www.asiaone.com/lite:0
[  128542ms] [WARNING] The resource https://geo.dailymotion.com/static/latest/cdn/dmp.photon_boot.ab93d18721b221f1837b.js was preloaded using link preload but not used within a few seconds from the window's load event. Please make sure it has an appropriate `as` value and it is preloaded intentionally. @ https://www.asiaone.com/lite:0
[  128543ms] [WARNING] The resource https://geo.dailymotion.com/static/latest/cdn/dmp.photon_app.87026b59ee79a42e86fa.js was preloaded using link preload but not used within a few seconds from the window's load event. Please make sure it has an appropriate `as` value and it is preloaded intentionally. @ https://www.asiaone.com/lite:0
[  128543ms] [WARNING] The resource https://geo.dailymotion.com/static/latest/cdn/dmp.photon_player.74bdd5efe29dd3c9a113.js was preloaded using link preload but not used within a few seconds from the window's load event. Please make sure it has an appropriate `as` value and it is preloaded intentionally. @ https://www.asiaone.com/lite:0
[  145647ms] [WARNING] [GPT] PubAdsService.getTargeting is deprecated, use googletag.getConfig('targeting') instead.
https://goo.gle/gpt-message#200 @ https://securepubads.g.doubleclick.net/pagead/managed/js/gpt/m202606150101/pubads_impl.js?cb=31099272:18
[  145651ms] [WARNING] [GPT] Slot.setTargeting is deprecated, use Slot.setConfig({targeting: ...}) instead.
https://goo.gle/gpt-message#171 @ https://securepubads.g.doubleclick.net/pagead/managed/js/gpt/m202606150101/pubads_impl.js?cb=31099272:18
[  145977ms] [ERROR] Failed to load resource: the server responded with a status of 404 (Not Found) @ https://tcheck.outbrainimg.com/tcheck/check/d3d3LmFzaWFvbmUuY29t:0
[  148047ms] [ERROR] Attestation check for Shared Storage on https://www.googleadservices.com failed. @ https://www.googleadservices.com/pagead/managed/js/activeview/current/reach_worklet.html:0
[  148301ms] [INFO] Powered by AMP ⚡ HTML – Version 2605071401000 https://www.asiaone.com/singapore @ https://cdn.ampproject.org/rtv/012605071401000/amp4ads-v0.mjs:1
[  148047ms] [ERROR] Attestation check for Shared Storage on https://www.googleadservices.com failed. @ https://www.googleadservices.com/pagead/managed/js/activeview/current/reach_worklet.html:0
[  148842ms] [ERROR] Attestation check for Shared Storage on https://www.googleadservices.com failed. @ https://www.googleadservices.com/pagead/managed/js/activeview/current/reach_worklet.html:0
[  149295ms] [ERROR] Failed to load resource: net::ERR_NAME_NOT_RESOLVED @ https://rt.marphezis.com/sync/pub?pubid=21070&gdpr=0&gdpr_consent=&us_privacy=&gpp=&gpp_sid=&rurl=https%3A%2F%2Fpublic-prod-dspcookiematching.dmxleo.com%2Fdspreply%3FdspId%3D4440%26dspUserId%3D%24USERID:0
[  150707ms] [ERROR] Failed to load resource: net::ERR_NAME_NOT_RESOLVED @ https://xn--sync-k6d.copper6.com/image?pbjs=1&coppa=0:0
[  151583ms] [WARNING] The resource https://geo.dailymotion.com/static/latest/cdn/dmp.photon_player.74bdd5efe29dd3c9a113.js was preloaded using link preload but not used within a few seconds from the window's load event. Please make sure it has an appropriate `as` value and it is preloaded intentionally. @ https://geo.dailymotion.com/player/x8lhq.html?playlist=x7knmt&customConfig%5Bdynamiciu%5D=22929369600%252fa1%252fpreroll%252fsingapore&customConfig%5Bplcmt%5D=1&actionInfo=false&mute=true&dmPubtool=new-cdn-ce-v2:0
[  157055ms] [WARNING] The resource https://geo.dailymotion.com/static/latest/cdn/dmp.infopack.e02348156d8d0e768d10.js was preloaded using link preload but not used within a few seconds from the window's load event. Please make sure it has an appropriate `as` value and it is preloaded intentionally. @ https://www.asiaone.com/singapore:0
[  157055ms] [WARNING] The resource https://geo.dailymotion.com/static/latest/cdn/dmp.photon_vendor.fc9b8968a99697c51db2.js was preloaded using link preload but not used within a few seconds from the window's load event. Please make sure it has an appropriate `as` value and it is preloaded intentionally. @ https://www.asiaone.com/singapore:0
[  157055ms] [WARNING] The resource https://geo.dailymotion.com/static/latest/cdn/dmp.photon_boot.ab93d18721b221f1837b.js was preloaded using link preload but not used within a few seconds from the window's load event. Please make sure it has an appropriate `as` value and it is preloaded intentionally. @ https://www.asiaone.com/singapore:0
[  157055ms] [WARNING] The resource https://geo.dailymotion.com/static/latest/cdn/dmp.photon_app.87026b59ee79a42e86fa.js was preloaded using link preload but not used within a few seconds from the window's load event. Please make sure it has an appropriate `as` value and it is preloaded intentionally. @ https://www.asiaone.com/singapore:0
[  157055ms] [WARNING] The resource https://geo.dailymotion.com/static/latest/cdn/dmp.photon_player.74bdd5efe29dd3c9a113.js was preloaded using link preload but not used within a few seconds from the window's load event. Please make sure it has an appropriate `as` value and it is preloaded intentionally. @ https://www.asiaone.com/singapore:0
[  161768ms] [WARNING] The resource https://geo.dailymotion.com/static/latest/cdn/dmp.infopack.e02348156d8d0e768d10.js was preloaded using link preload but not used within a few seconds from the window's load event. Please make sure it has an appropriate `as` value and it is preloaded intentionally. @ https://www.asiaone.com/singapore:0
[  161768ms] [WARNING] The resource https://geo.dailymotion.com/static/latest/cdn/dmp.photon_vendor.fc9b8968a99697c51db2.js was preloaded using link preload but not used within a few seconds from the window's load event. Please make sure it has an appropriate `as` value and it is preloaded intentionally. @ https://www.asiaone.com/singapore:0
[  161768ms] [WARNING] The resource https://geo.dailymotion.com/static/latest/cdn/dmp.photon_boot.ab93d18721b221f1837b.js was preloaded using link preload but not used within a few seconds from the window's load event. Please make sure it has an appropriate `as` value and it is preloaded intentionally. @ https://www.asiaone.com/singapore:0
[  161768ms] [WARNING] The resource https://geo.dailymotion.com/static/latest/cdn/dmp.photon_app.87026b59ee79a42e86fa.js was preloaded using link preload but not used within a few seconds from the window's load event. Please make sure it has an appropriate `as` value and it is preloaded intentionally. @ https://www.asiaone.com/singapore:0
[  161768ms] [WARNING] The resource https://geo.dailymotion.com/static/latest/cdn/dmp.photon_player.74bdd5efe29dd3c9a113.js was preloaded using link preload but not used within a few seconds from the window's load event. Please make sure it has an appropriate `as` value and it is preloaded intentionally. @ https://www.asiaone.com/singapore:0
[  162266ms] [ERROR] Failed to load resource: net::ERR_CONNECTION_TIMED_OUT @ https://ads.stickyadstv.com/user-matching?id=2849&gdpr=0&gdpr_consent=&gpp=&gpp_sid=:0
[  148047ms] [ERROR] Attestation check for Shared Storage on https://www.googleadservices.com failed. @ https://www.googleadservices.com/pagead/managed/js/activeview/current/reach_worklet.html:0
[  148842ms] [ERROR] Attestation check for Shared Storage on https://www.googleadservices.com failed. @ https://www.googleadservices.com/pagead/managed/js/activeview/current/reach_worklet.html:0
[  171404ms] [ERROR] Attestation check for Shared Storage on https://www.googleadservices.com failed. @ https://www.googleadservices.com/pagead/managed/js/activeview/current/reach_worklet.html:0
[  171671ms] [ERROR] Failed to load resource: net::ERR_NAME_NOT_RESOLVED @ https://cs.lkqd.net/cs?partnerId=59&redirect=https%3A%2F%2Fcm.g.doubleclick.net%2Fpixel%3Fgoogle_nid%3Dlkqd_dbm%26google_hm%3D%24%24rawlkqduserid%7Cbase64%24%24:0
[  171672ms] [ERROR] Failed to load resource: net::ERR_NAME_NOT_RESOLVED @ https://cs.lkqd.net/cs?partnerId=59&partnerUserId=CAESEBE7ajMxGlqSb1bRAi_QzzU&google_cver=1:0
[  148047ms] [ERROR] Attestation check for Shared Storage on https://www.googleadservices.com failed. @ https://www.googleadservices.com/pagead/managed/js/activeview/current/reach_worklet.html:0
[  148842ms] [ERROR] Attestation check for Shared Storage on https://www.googleadservices.com failed. @ https://www.googleadservices.com/pagead/managed/js/activeview/current/reach_worklet.html:0
[  171404ms] [ERROR] Attestation check for Shared Storage on https://www.googleadservices.com failed. @ https://www.googleadservices.com/pagead/managed/js/activeview/current/reach_worklet.html:0
[  171959ms] [ERROR] Attestation check for Shared Storage on https://www.googleadservices.com failed. @ https://www.googleadservices.com/pagead/managed/js/activeview/current/reach_worklet.html:0
[  178327ms] [WARNING] The resource https://geo.dailymotion.com/static/latest/cdn/dmp.infopack.e02348156d8d0e768d10.js was preloaded using link preload but not used within a few seconds from the window's load event. Please make sure it has an appropriate `as` value and it is preloaded intentionally. @ https://www.asiaone.com/singapore:0
[  178328ms] [WARNING] The resource https://geo.dailymotion.com/static/latest/cdn/dmp.photon_vendor.fc9b8968a99697c51db2.js was preloaded using link preload but not used within a few seconds from the window's load event. Please make sure it has an appropriate `as` value and it is preloaded intentionally. @ https://www.asiaone.com/singapore:0
[  178328ms] [WARNING] The resource https://geo.dailymotion.com/static/latest/cdn/dmp.photon_boot.ab93d18721b221f1837b.js was preloaded using link preload but not used within a few seconds from the window's load event. Please make sure it has an appropriate `as` value and it is preloaded intentionally. @ https://www.asiaone.com/singapore:0
[  178328ms] [WARNING] The resource https://geo.dailymotion.com/static/latest/cdn/dmp.photon_app.87026b59ee79a42e86fa.js was preloaded using link preload but not used within a few seconds from the window's load event. Please make sure it has an appropriate `as` value and it is preloaded intentionally. @ https://www.asiaone.com/singapore:0
[  178328ms] [WARNING] The resource https://geo.dailymotion.com/static/latest/cdn/dmp.photon_player.74bdd5efe29dd3c9a113.js was preloaded using link preload but not used within a few seconds from the window's load event. Please make sure it has an appropriate `as` value and it is preloaded intentionally. @ https://www.asiaone.com/singapore:0
[  195625ms] [WARNING] The resource https://geo.dailymotion.com/static/latest/cdn/dmp.infopack.e02348156d8d0e768d10.js was preloaded using link preload but not used within a few seconds from the window's load event. Please make sure it has an appropriate `as` value and it is preloaded intentionally. @ https://www.asiaone.com/singapore:0
[  195625ms] [WARNING] The resource https://geo.dailymotion.com/static/latest/cdn/dmp.photon_vendor.fc9b8968a99697c51db2.js was preloaded using link preload but not used within a few seconds from the window's load event. Please make sure it has an appropriate `as` value and it is preloaded intentionally. @ https://www.asiaone.com/singapore:0
[  195625ms] [WARNING] The resource https://geo.dailymotion.com/static/latest/cdn/dmp.photon_boot.ab93d18721b221f1837b.js was preloaded using link preload but not used within a few seconds from the window's load event. Please make sure it has an appropriate `as` value and it is preloaded intentionally. @ https://www.asiaone.com/singapore:0
[  195625ms] [WARNING] The resource https://geo.dailymotion.com/static/latest/cdn/dmp.photon_app.87026b59ee79a42e86fa.js was preloaded using link preload but not used within a few seconds from the window's load event. Please make sure it has an appropriate `as` value and it is preloaded intentionally. @ https://www.asiaone.com/singapore:0
[  195625ms] [WARNING] The resource https://geo.dailymotion.com/static/latest/cdn/dmp.photon_player.74bdd5efe29dd3c9a113.js was preloaded using link preload but not used within a few seconds from the window's load event. Please make sure it has an appropriate `as` value and it is preloaded intentionally. @ https://www.asiaone.com/singapore:0
